// Jest Snapshot v1, https://goo.gl/fbAQLP

exports[`ForecastSummaries component renders correctly 1`] = `
<DocumentFragment>
  <div
    class="forecast-summaries"
  >
    <div
      class="forecast-summary"
      data-testid="forecast-summary"
    >
      <div
        class="forecast-summary__date"
      >
        Thu Jan 01 1970
      </div>
      <div
        class="forecast-summary__icon"
        data-testid="forecast-icon"
      >
        <img
          alt="icon showing weather code"
        />
      </div>
      <div
        class="forecast-summary__temperature"
      >
        22°C
      </div>
      <div
        class="forecast-summary__description"
      >
        Stub description
      </div>
    </div>
    <div
      class="forecast-summary"
      data-testid="forecast-summary"
    >
      <div
        class="forecast-summary__date"
      >
        Thu Jan 01 1970
      </div>
      <div
        class="forecast-summary__icon"
        data-testid="forecast-icon"
      >
        <img
          alt="icon showing weather code"
        />
      </div>
      <div
        class="forecast-summary__temperature"
      >
        23°C
      </div>
      <div
        class="forecast-summary__description"
      >
        Stub description 2
      </div>
    </div>
    <div
      class="forecast-summary"
      data-testid="forecast-summary"
    >
      <div
        class="forecast-summary__date"
      >
        Thu Jan 01 1970
      </div>
      <div
        class="forecast-summary__icon"
        data-testid="forecast-icon"
      >
        <img
          alt="icon showing weather code"
        />
      </div>
      <div
        class="forecast-summary__temperature"
      >
        24°C
      </div>
      <div
        class="forecast-summary__description"
      >
        Stub description 3
      </div>
    </div>
  </div>
</DocumentFragment>
`;
