// Jest Snapshot v1, https://goo.gl/fbAQLP

exports[`ForecastDetails component Renders correctly 1`] = `
<DocumentFragment>
  <div
    class="forecast-details"
    data-testid="forecast-details"
  >
    <div
      class="forecast-details__date"
    >
      Thu Jan 01 1970
    </div>
    <div
      class="forecast-details__min-temp"
    >
      Minimum Temperature: 12°C
    </div>
    <div
      class="forecast-details__max-temp"
    >
      Maximum Temperature: 22°C
    </div>
    <div
      class="forecast-details__humidity"
    >
      Humidity: 80
    </div>
    <div
      class="forecast-details__wind-speed"
    >
      Wind Speed: 60
    </div>
    <div
      class="forecast-details__wind-direction"
      data-testid="forecast-details__wind-direction"
    >
      Wind Direction: ne
    </div>
  </div>
</DocumentFragment>
`;
